// Jest Snapshot v1, https://goo.gl/fbAQLP

exports[`Circle() tests should render correctly in mode 1`] = `ShallowWrapper {}`;
