// Jest Snapshot v1, https://goo.gl/fbAQLP

exports[`Line() tests should render correctly in mode 1`] = `ShallowWrapper {}`;
